// Jest Snapshot v1, https://goo.gl/fbAQLP

exports[`CitiesList is rendered correctly 1`] = `
<div
  className="tabs"
>
  <section
    className="locations container"
  >
    <ul
      className="locations__list tabs__list"
    >
      <li
        className="locations__item"
        onClick={[Function]}
      >
        <a
          className="locations__item-link tabs__item tabs__item--active"
          data-city="Amsterdam"
          href="#"
        >
          <span
            data-city="Amsterdam"
          >
            Amsterdam
          </span>
        </a>
      </li>
      <li
        className="locations__item"
        onClick={[Function]}
      >
        <a
          className="locations__item-link tabs__item "
          data-city="Brussels"
          href="#"
        >
          <span
            data-city="Brussels"
          >
            Brussels
          </span>
        </a>
      </li>
      <li
        className="locations__item"
        onClick={[Function]}
      >
        <a
          className="locations__item-link tabs__item "
          data-city="Hamburg"
          href="#"
        >
          <span
            data-city="Hamburg"
          >
            Hamburg
          </span>
        </a>
      </li>
      <li
        className="locations__item"
        onClick={[Function]}
      >
        <a
          className="locations__item-link tabs__item "
          data-city="Paris"
          href="#"
        >
          <span
            data-city="Paris"
          >
            Paris
          </span>
        </a>
      </li>
    </ul>
  </section>
</div>
`;
