// Jest Snapshot v1, https://goo.gl/fbAQLP

exports[`withPlaceCardComponent is rendered correctly 1`] = `<div />`;
