// Jest Snapshot v1, https://goo.gl/fbAQLP

exports[`withSortingComponent is rendered correctly 1`] = `<div />`;
