// Jest Snapshot v1, https://goo.gl/fbAQLP

exports[`ReviewsList is rendered correctly 1`] = `
<section
  className="property__reviews reviews"
>
  <h2
    className="reviews__title"
  >
    Reviews Â· 
    <span
      className="reviews__amount"
    >
      2
    </span>
  </h2>
  <ul
    className="reviews__list"
  >
    <li
      className="reviews__item"
    >
      <div
        className="reviews__user user"
      >
        <div
          className="reviews__avatar-wrapper user__avatar-wrapper"
        >
          <img
            alt="Reviews avatar"
            className="reviews__avatar user__avatar"
            height="54"
            src="https://htmlacademy-react-3.appspot.com/six-cities/static/avatar/8.jpg"
            width="54"
          />
        </div>
        <span
          className="reviews__user-name"
        >
          Emely
        </span>
      </div>
      <div
        className="reviews__info"
      >
        <div
          className="reviews__rating rating"
        >
          <div
            className="reviews__stars rating__stars"
          >
            <span
              style={
                Object {
                  "width": "80%",
                }
              }
            />
            <span
              className="visually-hidden"
            >
              Rating
            </span>
          </div>
        </div>
        <p
          className="reviews__text"
        >
          What an amazing view! The house is stunning and in an amazing location. The large glass wall had an amazing view of the river!
        </p>
        <time
          className="reviews__time"
          dateTime="2020-02-23"
        >
          February 23, 2020
        </time>
      </div>
    </li>
    <li
      className="reviews__item"
    >
      <div
        className="reviews__user user"
      >
        <div
          className="reviews__avatar-wrapper user__avatar-wrapper"
        >
          <img
            alt="Reviews avatar"
            className="reviews__avatar user__avatar"
            height="54"
            src="https://htmlacademy-react-3.appspot.com/six-cities/static/avatar/5.jpg"
            width="54"
          />
        </div>
        <span
          className="reviews__user-name"
        >
          Corey
        </span>
      </div>
      <div
        className="reviews__info"
      >
        <div
          className="reviews__rating rating"
        >
          <div
            className="reviews__stars rating__stars"
          >
            <span
              style={
                Object {
                  "width": "60%",
                }
              }
            />
            <span
              className="visually-hidden"
            >
              Rating
            </span>
          </div>
        </div>
        <p
          className="reviews__text"
        >
          The house is very good, very happy, hygienic and simple living conditions around it are also very good. I hope to have the opportunity to come back. Thank you.
        </p>
        <time
          className="reviews__time"
          dateTime="2020-02-23"
        >
          February 23, 2020
        </time>
      </div>
    </li>
  </ul>
</section>
`;
