// Jest Snapshot v1, https://goo.gl/fbAQLP

exports[`withReviewFormComponent is rendered correctly 1`] = `<div />`;
